https://example.com/image1.png
https://example.com/image2.jpg
https://example.com/no-alt-text.gif
https://example.com/ref-image1.png
https://example.com/ref-image2.svg
https://user-images.githubusercontent.com/12345/67890/image.png
https://github.com/user/repo/assets/123456/screenshot.png
https://example.com/test.png
https://example.com/test.jpg
https://example.com/test.jpeg
https://example.com/test.gif
https://example.com/test.webp
https://example.com/test.svg
https://example.com/test.bmp
https://example.com/test.tiff
https://example.com/test.ico
https://example.com/list1.png
https://example.com/list2.jpg
https://example.com/num1.png
https://example.com/num2.jpg
https://example.com/table1.png
https://example.com/table2.jpg
https://example.com/blockquote.png
https://example.com/details1.png
https://example.com/details2.jpg
https://example.com/duplicate.png
https://example.com/image.png?v=123&size=large
https://example.com/image.jpg#section
https://example.com/image.gif?v=1#top
http://example.com/http.png
https://example.com/https.png
https://very-long-domain-name-that-might-cause-issues.example.com/very/long/path/to/an/image/file/with/many/segments/and/a/very/long/filename-that-might-test-url-parsing-limits.png?parameter1=value1&parameter2=value2&parameter3=value3&parameter4=value4&parameter5=value5#very-long-fragment-identifier
https://example.com/ünïcødé-image.png
https://example.com/emoji-image.jpg
https://example.com/code-block.png
https://example.com/inline-code.png
https://example.com/html-image.png
https://example.com/html-image2.jpg
https://example.com/html-image3.webp
https://example.com/image.png
https://example.com/image.jpg
https://example.com/image.gif
https://very-long-domain-name-that-might-cause-issues.example.com/very/long/path/to/an/image/file/with/many/segments/and/a/very/long/filename-that-might-test-url-parsing-limits.png