https://example.com/simple.png
https://example.com/photo.jpg